******************************************************************************
                  TI ARM Linker PC v16.9.1                     
******************************************************************************
>> Linked Mon May 08 17:50:59 2017

OUTPUT FILE NAME:   <UART.out>
ENTRY POINT SYMBOL: "_c_int00"  address: 00000f7d


MEMORY CONFIGURATION

         name            origin    length      used     unused   attr    fill
----------------------  --------  ---------  --------  --------  ----  --------
  MAIN                  00000000   00040000  0000111e  0003eee2  R  X
  INFO                  00200000   00004000  00000000  00004000  R  X
  SRAM_CODE             01000000   00010000  0000024c  0000fdb4  RW X
  SRAM_DATA             20000000   00010000  0000024c  0000fdb4  RW  


SEGMENT ALLOCATION MAP

run origin  load origin   length   init length attrs members
----------  ----------- ---------- ----------- ----- -------
00000000    00000000    00001120   00001120    r-x
  00000000    00000000    000000e4   000000e4    r-- .intvecs
  000000e4    000000e4    00000ffa   00000ffa    r-x .text
  000010e0    000010e0    00000040   00000040    r-- .cinit
20000000    20000000    0000004c   00000000    rw-
  20000000    20000000    00000028   00000000    rw- .data
  20000028    20000028    00000024   00000000    rw- .bss
2000fe00    2000fe00    00000200   00000000    rw-
  2000fe00    2000fe00    00000200   00000000    rw- .stack


SECTION ALLOCATION MAP

 output                                  attributes/
section   page    origin      length       input sections
--------  ----  ----------  ----------   ----------------
.intvecs   0    00000000    000000e4     
                  00000000    000000e4     startup_msp432p401r_ccs.obj (.intvecs:retain)

.binit     0    00000000    00000000     

.text      0    000000e4    00000ffa     
                  000000e4    0000066c     UART.obj (.text)
                  00000750    0000032c     system_msp432p401r.obj (.text)
                  00000a7c    00000310     main.obj (.text)
                  00000d8c    0000009c     rtsv7M4_T_le_v4SPD16_eabi.lib : memcpy_t2.obj (.text)
                  00000e28    0000007a                                   : memset_t2.obj (.text)
                  00000ea2    00000002                                   : mpu_init.obj (.text)
                  00000ea4    00000070                                   : autoinit.obj (.text)
                  00000f14    00000068                                   : copy_decompress_lzss.obj (.text:decompress:lzss)
                  00000f7c    00000054                                   : boot.obj (.text)
                  00000fd0    00000054                                   : exit.obj (.text)
                  00001024    0000004c                                   : cpy_tbl.obj (.text)
                  00001070    00000018                                   : args_main.obj (.text)
                  00001088    00000014                                   : _lock.obj (.text)
                  0000109c    00000014                                   : strlen.obj (.text)
                  000010b0    0000000e                                   : copy_decompress_none.obj (.text:decompress:none)
                  000010be    0000000e     startup_msp432p401r_ccs.obj (.text)
                  000010cc    0000000c     rtsv7M4_T_le_v4SPD16_eabi.lib : copy_zero_init.obj (.text:decompress:ZI)
                  000010d8    00000004                                   : pre_init.obj (.text)
                  000010dc    00000002                                   : startup.obj (.text)

.cinit     0    000010e0    00000040     
                  000010e0    00000015     (.cinit..data.load) [load image, compression = lzss]
                  000010f5    00000003     --HOLE-- [fill = 0]
                  000010f8    0000000c     (__TI_handler_table)
                  00001104    00000004     --HOLE-- [fill = 0]
                  00001108    00000008     (.cinit..bss.load) [load image, compression = zero_init]
                  00001110    00000010     (__TI_cinit_table)

.init_array 
*          0    00000000    00000000     UNINITIALIZED

.data      0    20000000    00000028     UNINITIALIZED
                  20000000    0000000c     rtsv7M4_T_le_v4SPD16_eabi.lib : exit.obj (.data:$O1$$)
                  2000000c    00000008                                   : _lock.obj (.data:$O1$$)
                  20000014    00000008     UART.obj (.data)
                  2000001c    00000004     main.obj (.data)
                  20000020    00000004     rtsv7M4_T_le_v4SPD16_eabi.lib : stkdepth_vars.obj (.data)
                  20000024    00000004     system_msp432p401r.obj (.data)

.bss       0    20000028    00000024     UNINITIALIZED
                  20000028    00000014     UART.obj (.bss:TX_BUFFER)
                  2000003c    00000010     UART.obj (.bss)

.stack     0    2000fe00    00000200     UNINITIALIZED
                  2000fe00    00000200     --HOLE--

MODULE SUMMARY

       Module                        code   ro data   rw data
       ------                        ----   -------   -------
    .\
       UART.obj                      1644   0         88     
       system_msp432p401r.obj        812    0         8      
       main.obj                      784    0         8      
       startup_msp432p401r_ccs.obj   14     228       0      
    +--+-----------------------------+------+---------+---------+
       Total:                        3254   228       104    
                                                             
    C:\ti\ccsv7\tools\compiler\ti-cgt-arm_16.9.1.LTS\lib\rtsv7M4_T_le_v4SPD16_eabi.lib
       memcpy_t2.obj                 156    0         0      
       memset_t2.obj                 122    0         0      
       autoinit.obj                  112    0         0      
       exit.obj                      84     0         24     
       copy_decompress_lzss.obj      104    0         0      
       boot.obj                      84     0         0      
       cpy_tbl.obj                   76     0         0      
       _lock.obj                     20     0         16     
       args_main.obj                 24     0         0      
       strlen.obj                    20     0         0      
       copy_decompress_none.obj      14     0         0      
       copy_zero_init.obj            12     0         0      
       stkdepth_vars.obj             0      0         8      
       pre_init.obj                  4      0         0      
       mpu_init.obj                  2      0         0      
       startup.obj                   2      0         0      
    +--+-----------------------------+------+---------+---------+
       Total:                        836    0         48     
                                                             
       Stack:                        0      0         1024   
       Linker Generated:             0      57        0      
    +--+-----------------------------+------+---------+---------+
       Grand Total:                  4090   285       1176   


LINKER GENERATED COPY TABLES

__TI_cinit_table @ 00001110 records: 2, size/record: 8, table size: 16
	.data: load addr=000010e0, load size=00000015 bytes, run addr=20000000, run size=00000028 bytes, compression=lzss
	.bss: load addr=00001108, load size=00000008 bytes, run addr=20000028, run size=00000024 bytes, compression=zero_init


LINKER GENERATED HANDLER TABLE

__TI_handler_table @ 000010f8 records: 3, size/record: 4, table size: 12
	index: 0, handler: __TI_decompress_lzss
	index: 1, handler: __TI_decompress_none
	index: 2, handler: __TI_zero_init


GLOBAL SYMBOLS: SORTED ALPHABETICALLY BY Name 

address   name                           
-------   ----                           
000010cb  ADC14_IRQHandler               
000010cb  AES256_IRQHandler              
000010cb  BusFault_Handler               
00000fd1  C$$EXIT                        
000010cb  COMP_E0_IRQHandler             
000010cb  COMP_E1_IRQHandler             
000010cb  CS_IRQHandler                  
000010cb  DMA_ERR_IRQHandler             
000010cb  DMA_INT0_IRQHandler            
000010cb  DMA_INT1_IRQHandler            
000010cb  DMA_INT2_IRQHandler            
000010cb  DMA_INT3_IRQHandler            
000010cb  DebugMon_Handler               
000010cb  Default_Handler                
00000575  EUSCIA0_IRQHandler             
00000575  EUSCIA0_IRQHandler             
000010cb  EUSCIA1_IRQHandler             
000010cb  EUSCIA2_IRQHandler             
000010cb  EUSCIA3_IRQHandler             
000010cb  EUSCIB0_IRQHandler             
000010cb  EUSCIB1_IRQHandler             
000010cb  EUSCIB2_IRQHandler             
000010cb  EUSCIB3_IRQHandler             
000010cb  FLCTL_IRQHandler               
000010cb  FPU_IRQHandler                 
000010cb  HardFault_Handler              
000010cb  MemManage_Handler              
000010cb  NMI_Handler                    
000010cb  PCM_IRQHandler                 
000010cb  PORT1_IRQHandler               
000010cb  PORT2_IRQHandler               
000010cb  PORT3_IRQHandler               
000010cb  PORT4_IRQHandler               
000010cb  PORT5_IRQHandler               
000010cb  PORT6_IRQHandler               
000010cb  PSS_IRQHandler                 
000010cb  PendSV_Handler                 
000010cb  RTC_C_IRQHandler               
000010bf  Reset_Handler                  
UNDEFED   SHT$$INIT_ARRAY$$Base          
UNDEFED   SHT$$INIT_ARRAY$$Limit         
000010cb  SVC_Handler                    
000010cb  SysTick_Handler                
20000024  SystemCoreClock                
00000751  SystemCoreClockUpdate          
000009c5  SystemInit                     
000010cb  T32_INT1_IRQHandler            
000010cb  T32_INT2_IRQHandler            
000010cb  T32_INTC_IRQHandler            
000010cb  TA0_0_IRQHandler               
000010cb  TA0_N_IRQHandler               
000010cb  TA1_0_IRQHandler               
000010cb  TA1_N_IRQHandler               
000010cb  TA2_0_IRQHandler               
000010cb  TA2_N_IRQHandler               
000010cb  TA3_0_IRQHandler               
000010cb  TA3_N_IRQHandler               
000010cb  UsageFault_Handler             
4000480c  WDTCTL_SYM                     
000010cb  WDT_A_IRQHandler               
20010000  __STACK_END                    
00000200  __STACK_SIZE                   
00001110  __TI_CINIT_Base                
00001120  __TI_CINIT_Limit               
000010f8  __TI_Handler_Table_Base        
00001104  __TI_Handler_Table_Limit       
00000ea5  __TI_auto_init                 
20000000  __TI_cleanup_ptr               
00000f15  __TI_decompress_lzss           
000010b1  __TI_decompress_none           
20000004  __TI_dtors_ptr                 
20000008  __TI_enable_exit_profile_output
ffffffff  __TI_pprof_out_hndl            
ffffffff  __TI_prof_data_size            
ffffffff  __TI_prof_data_start           
00000000  __TI_static_base__             
000010cd  __TI_zero_init                 
00000e29  __aeabi_memclr                 
00000e29  __aeabi_memclr4                
00000e29  __aeabi_memclr8                
00000d8d  __aeabi_memcpy                 
00000d8d  __aeabi_memcpy4                
00000d8d  __aeabi_memcpy8                
00000e2b  __aeabi_memset                 
00000e2b  __aeabi_memset4                
00000e2b  __aeabi_memset8                
ffffffff  __binit__                      
ffffffff  __c_args__                     
00000ea3  __mpu_init                     
2000fe00  __stack                        
00001071  _args_main                     
00000f7d  _c_int00                       
2000000c  _lock                          
00001097  _nop                           
0000108f  _register_lock                 
00001089  _register_unlock               
000010dd  _system_post_cinit             
000010d9  _system_pre_init               
20000010  _unlock                        
00000fd5  abort                          
ffffffff  binit                          
00001025  copy_in                        
00000b63  delay_ms                       
00000bf7  delay_ns                       
00000fdd  exit                           
000006f1  getDACValue                    
000006f7  hasNewValue                    
00000c9f  init_DAC                       
00000c2d  init_SPI                       
000000e5  init_UART                      
00000000  interruptVectors               
00000d0b  main                           
20000020  main_func_sp                   
00000d8d  memcpy                         
00000e31  memset                         
0000048d  print_Char_UART                
000004ef  print_String_UART              
00000ccf  send_DAC                       
00000c85  send_SPI                       
00000a81  set_DCO                        
0000109d  strlen                         


GLOBAL SYMBOLS: SORTED BY Symbol Address 

address   name                           
-------   ----                           
00000000  __TI_static_base__             
00000000  interruptVectors               
000000e5  init_UART                      
00000200  __STACK_SIZE                   
0000048d  print_Char_UART                
000004ef  print_String_UART              
00000575  EUSCIA0_IRQHandler             
00000575  EUSCIA0_IRQHandler             
000006f1  getDACValue                    
000006f7  hasNewValue                    
00000751  SystemCoreClockUpdate          
000009c5  SystemInit                     
00000a81  set_DCO                        
00000b63  delay_ms                       
00000bf7  delay_ns                       
00000c2d  init_SPI                       
00000c85  send_SPI                       
00000c9f  init_DAC                       
00000ccf  send_DAC                       
00000d0b  main                           
00000d8d  __aeabi_memcpy                 
00000d8d  __aeabi_memcpy4                
00000d8d  __aeabi_memcpy8                
00000d8d  memcpy                         
00000e29  __aeabi_memclr                 
00000e29  __aeabi_memclr4                
00000e29  __aeabi_memclr8                
00000e2b  __aeabi_memset                 
00000e2b  __aeabi_memset4                
00000e2b  __aeabi_memset8                
00000e31  memset                         
00000ea3  __mpu_init                     
00000ea5  __TI_auto_init                 
00000f15  __TI_decompress_lzss           
00000f7d  _c_int00                       
00000fd1  C$$EXIT                        
00000fd5  abort                          
00000fdd  exit                           
00001025  copy_in                        
00001071  _args_main                     
00001089  _register_unlock               
0000108f  _register_lock                 
00001097  _nop                           
0000109d  strlen                         
000010b1  __TI_decompress_none           
000010bf  Reset_Handler                  
000010cb  ADC14_IRQHandler               
000010cb  AES256_IRQHandler              
000010cb  BusFault_Handler               
000010cb  COMP_E0_IRQHandler             
000010cb  COMP_E1_IRQHandler             
000010cb  CS_IRQHandler                  
000010cb  DMA_ERR_IRQHandler             
000010cb  DMA_INT0_IRQHandler            
000010cb  DMA_INT1_IRQHandler            
000010cb  DMA_INT2_IRQHandler            
000010cb  DMA_INT3_IRQHandler            
000010cb  DebugMon_Handler               
000010cb  Default_Handler                
000010cb  EUSCIA1_IRQHandler             
000010cb  EUSCIA2_IRQHandler             
000010cb  EUSCIA3_IRQHandler             
000010cb  EUSCIB0_IRQHandler             
000010cb  EUSCIB1_IRQHandler             
000010cb  EUSCIB2_IRQHandler             
000010cb  EUSCIB3_IRQHandler             
000010cb  FLCTL_IRQHandler               
000010cb  FPU_IRQHandler                 
000010cb  HardFault_Handler              
000010cb  MemManage_Handler              
000010cb  NMI_Handler                    
000010cb  PCM_IRQHandler                 
000010cb  PORT1_IRQHandler               
000010cb  PORT2_IRQHandler               
000010cb  PORT3_IRQHandler               
000010cb  PORT4_IRQHandler               
000010cb  PORT5_IRQHandler               
000010cb  PORT6_IRQHandler               
000010cb  PSS_IRQHandler                 
000010cb  PendSV_Handler                 
000010cb  RTC_C_IRQHandler               
000010cb  SVC_Handler                    
000010cb  SysTick_Handler                
000010cb  T32_INT1_IRQHandler            
000010cb  T32_INT2_IRQHandler            
000010cb  T32_INTC_IRQHandler            
000010cb  TA0_0_IRQHandler               
000010cb  TA0_N_IRQHandler               
000010cb  TA1_0_IRQHandler               
000010cb  TA1_N_IRQHandler               
000010cb  TA2_0_IRQHandler               
000010cb  TA2_N_IRQHandler               
000010cb  TA3_0_IRQHandler               
000010cb  TA3_N_IRQHandler               
000010cb  UsageFault_Handler             
000010cb  WDT_A_IRQHandler               
000010cd  __TI_zero_init                 
000010d9  _system_pre_init               
000010dd  _system_post_cinit             
000010f8  __TI_Handler_Table_Base        
00001104  __TI_Handler_Table_Limit       
00001110  __TI_CINIT_Base                
00001120  __TI_CINIT_Limit               
20000000  __TI_cleanup_ptr               
20000004  __TI_dtors_ptr                 
20000008  __TI_enable_exit_profile_output
2000000c  _lock                          
20000010  _unlock                        
20000020  main_func_sp                   
20000024  SystemCoreClock                
2000fe00  __stack                        
20010000  __STACK_END                    
4000480c  WDTCTL_SYM                     
ffffffff  __TI_pprof_out_hndl            
ffffffff  __TI_prof_data_size            
ffffffff  __TI_prof_data_start           
ffffffff  __binit__                      
ffffffff  __c_args__                     
ffffffff  binit                          
UNDEFED   SHT$$INIT_ARRAY$$Base          
UNDEFED   SHT$$INIT_ARRAY$$Limit         

[121 symbols]
