******************************************************************************
                  TI ARM Linker PC v16.9.1                     
******************************************************************************
>> Linked Mon May 08 17:55:06 2017

OUTPUT FILE NAME:   <ADC_Reading.out>
ENTRY POINT SYMBOL: "_c_int00"  address: 000008ed


MEMORY CONFIGURATION

         name            origin    length      used     unused   attr    fill
----------------------  --------  ---------  --------  --------  ----  --------
  MAIN                  00000000   00040000  00000a7a  0003f586  R  X
  INFO                  00200000   00004000  00000000  00004000  R  X
  SRAM_CODE             01000000   00010000  00000224  0000fddc  RW X
  SRAM_DATA             20000000   00010000  00000224  0000fddc  RW  


SEGMENT ALLOCATION MAP

run origin  load origin   length   init length attrs members
----------  ----------- ---------- ----------- ----- -------
00000000    00000000    00000a80   00000a80    r-x
  00000000    00000000    000000e4   000000e4    r-- .intvecs
  000000e4    000000e4    00000956   00000956    r-x .text
  00000a40    00000a40    00000040   00000040    r-- .cinit
20000000    20000000    00000024   00000000    rw-
  20000000    20000000    0000001c   00000000    rw- .data
  2000001c    2000001c    00000008   00000000    rw- .bss
2000fe00    2000fe00    00000200   00000000    rw-
  2000fe00    2000fe00    00000200   00000000    rw- .stack


SECTION ALLOCATION MAP

 output                                  attributes/
section   page    origin      length       input sections
--------  ----  ----------  ----------   ----------------
.intvecs   0    00000000    000000e4     
                  00000000    000000e4     startup_msp432p401r_ccs.obj (.intvecs:retain)

.binit     0    00000000    00000000     

.text      0    000000e4    00000956     
                  000000e4    0000032c     system_msp432p401r.obj (.text)
                  00000410    00000230     main.obj (.text)
                  00000640    000000bc     ADC.obj (.text)
                  000006fc    0000009c     rtsv7M4_T_le_v4SPD16_eabi.lib : memcpy_t2.obj (.text)
                  00000798    0000007a                                   : memset_t2.obj (.text)
                  00000812    00000002                                   : mpu_init.obj (.text)
                  00000814    00000070                                   : autoinit.obj (.text)
                  00000884    00000068                                   : copy_decompress_lzss.obj (.text:decompress:lzss)
                  000008ec    00000054                                   : boot.obj (.text)
                  00000940    00000054                                   : exit.obj (.text)
                  00000994    0000004c                                   : cpy_tbl.obj (.text)
                  000009e0    00000018                                   : args_main.obj (.text)
                  000009f8    00000014                                   : _lock.obj (.text)
                  00000a0c    0000000e                                   : copy_decompress_none.obj (.text:decompress:none)
                  00000a1a    0000000e     startup_msp432p401r_ccs.obj (.text)
                  00000a28    0000000c     rtsv7M4_T_le_v4SPD16_eabi.lib : copy_zero_init.obj (.text:decompress:ZI)
                  00000a34    00000004                                   : pre_init.obj (.text)
                  00000a38    00000002                                   : startup.obj (.text)

.cinit     0    00000a40    00000040     
                  00000a40    00000015     (.cinit..data.load) [load image, compression = lzss]
                  00000a55    00000003     --HOLE-- [fill = 0]
                  00000a58    0000000c     (__TI_handler_table)
                  00000a64    00000004     --HOLE-- [fill = 0]
                  00000a68    00000008     (.cinit..bss.load) [load image, compression = zero_init]
                  00000a70    00000010     (__TI_cinit_table)

.init_array 
*          0    00000000    00000000     UNINITIALIZED

.data      0    20000000    0000001c     UNINITIALIZED
                  20000000    0000000c     rtsv7M4_T_le_v4SPD16_eabi.lib : exit.obj (.data:$O1$$)
                  2000000c    00000008                                   : _lock.obj (.data:$O1$$)
                  20000014    00000004                                   : stkdepth_vars.obj (.data)
                  20000018    00000004     system_msp432p401r.obj (.data)

.bss       0    2000001c    00000008     UNINITIALIZED
                  2000001c    00000008     ADC.obj (.bss)

.stack     0    2000fe00    00000200     UNINITIALIZED
                  2000fe00    00000200     --HOLE--

MODULE SUMMARY

       Module                        code   ro data   rw data
       ------                        ----   -------   -------
    .\
       system_msp432p401r.obj        812    0         8      
       main.obj                      560    0         0      
       startup_msp432p401r_ccs.obj   14     228       0      
       ADC.obj                       188    0         16     
    +--+-----------------------------+------+---------+---------+
       Total:                        1574   228       24     
                                                             
    C:\ti\ccsv7\tools\compiler\ti-cgt-arm_16.9.1.LTS\lib\rtsv7M4_T_le_v4SPD16_eabi.lib
       memcpy_t2.obj                 156    0         0      
       memset_t2.obj                 122    0         0      
       autoinit.obj                  112    0         0      
       exit.obj                      84     0         24     
       copy_decompress_lzss.obj      104    0         0      
       boot.obj                      84     0         0      
       cpy_tbl.obj                   76     0         0      
       _lock.obj                     20     0         16     
       args_main.obj                 24     0         0      
       copy_decompress_none.obj      14     0         0      
       copy_zero_init.obj            12     0         0      
       stkdepth_vars.obj             0      0         8      
       pre_init.obj                  4      0         0      
       mpu_init.obj                  2      0         0      
       startup.obj                   2      0         0      
    +--+-----------------------------+------+---------+---------+
       Total:                        816    0         48     
                                                             
       Stack:                        0      0         1024   
       Linker Generated:             0      57        0      
    +--+-----------------------------+------+---------+---------+
       Grand Total:                  2390   285       1096   


LINKER GENERATED COPY TABLES

__TI_cinit_table @ 00000a70 records: 2, size/record: 8, table size: 16
	.data: load addr=00000a40, load size=00000015 bytes, run addr=20000000, run size=0000001c bytes, compression=lzss
	.bss: load addr=00000a68, load size=00000008 bytes, run addr=2000001c, run size=00000008 bytes, compression=zero_init


LINKER GENERATED HANDLER TABLE

__TI_handler_table @ 00000a58 records: 3, size/record: 4, table size: 12
	index: 0, handler: __TI_decompress_lzss
	index: 1, handler: __TI_decompress_none
	index: 2, handler: __TI_zero_init


GLOBAL SYMBOLS: SORTED ALPHABETICALLY BY Name 

address   name                           
-------   ----                           
0000068f  ADC14_IRQHandler               
0000068f  ADC14_IRQHandler               
00000a27  AES256_IRQHandler              
00000a27  BusFault_Handler               
00000941  C$$EXIT                        
00000a27  COMP_E0_IRQHandler             
00000a27  COMP_E1_IRQHandler             
00000a27  CS_IRQHandler                  
00000a27  DMA_ERR_IRQHandler             
00000a27  DMA_INT0_IRQHandler            
00000a27  DMA_INT1_IRQHandler            
00000a27  DMA_INT2_IRQHandler            
00000a27  DMA_INT3_IRQHandler            
00000a27  DebugMon_Handler               
00000a27  Default_Handler                
00000a27  EUSCIA0_IRQHandler             
00000a27  EUSCIA1_IRQHandler             
00000a27  EUSCIA2_IRQHandler             
00000a27  EUSCIA3_IRQHandler             
00000a27  EUSCIB0_IRQHandler             
00000a27  EUSCIB1_IRQHandler             
00000a27  EUSCIB2_IRQHandler             
00000a27  EUSCIB3_IRQHandler             
00000a27  FLCTL_IRQHandler               
00000a27  FPU_IRQHandler                 
00000a27  HardFault_Handler              
00000a27  MemManage_Handler              
00000a27  NMI_Handler                    
00000a27  PCM_IRQHandler                 
00000a27  PORT1_IRQHandler               
00000a27  PORT2_IRQHandler               
00000a27  PORT3_IRQHandler               
00000a27  PORT4_IRQHandler               
00000a27  PORT5_IRQHandler               
00000a27  PORT6_IRQHandler               
00000a27  PSS_IRQHandler                 
00000a27  PendSV_Handler                 
00000a27  RTC_C_IRQHandler               
00000a1b  Reset_Handler                  
UNDEFED   SHT$$INIT_ARRAY$$Base          
UNDEFED   SHT$$INIT_ARRAY$$Limit         
00000a27  SVC_Handler                    
00000a27  SysTick_Handler                
20000018  SystemCoreClock                
000000e5  SystemCoreClockUpdate          
00000359  SystemInit                     
00000a27  T32_INT1_IRQHandler            
00000a27  T32_INT2_IRQHandler            
00000a27  T32_INTC_IRQHandler            
00000a27  TA0_0_IRQHandler               
00000a27  TA0_N_IRQHandler               
00000a27  TA1_0_IRQHandler               
00000a27  TA1_N_IRQHandler               
00000a27  TA2_0_IRQHandler               
00000a27  TA2_N_IRQHandler               
00000a27  TA3_0_IRQHandler               
00000a27  TA3_N_IRQHandler               
00000a27  UsageFault_Handler             
4000480c  WDTCTL_SYM                     
00000a27  WDT_A_IRQHandler               
20010000  __STACK_END                    
00000200  __STACK_SIZE                   
00000a70  __TI_CINIT_Base                
00000a80  __TI_CINIT_Limit               
00000a58  __TI_Handler_Table_Base        
00000a64  __TI_Handler_Table_Limit       
00000815  __TI_auto_init                 
20000000  __TI_cleanup_ptr               
00000885  __TI_decompress_lzss           
00000a0d  __TI_decompress_none           
20000004  __TI_dtors_ptr                 
20000008  __TI_enable_exit_profile_output
ffffffff  __TI_pprof_out_hndl            
ffffffff  __TI_prof_data_size            
ffffffff  __TI_prof_data_start           
00000000  __TI_static_base__             
00000a29  __TI_zero_init                 
00000799  __aeabi_memclr                 
00000799  __aeabi_memclr4                
00000799  __aeabi_memclr8                
000006fd  __aeabi_memcpy                 
000006fd  __aeabi_memcpy4                
000006fd  __aeabi_memcpy8                
0000079b  __aeabi_memset                 
0000079b  __aeabi_memset4                
0000079b  __aeabi_memset8                
ffffffff  __binit__                      
ffffffff  __c_args__                     
00000813  __mpu_init                     
2000fe00  __stack                        
000009e1  _args_main                     
000008ed  _c_int00                       
2000000c  _lock                          
00000a07  _nop                           
000009ff  _register_lock                 
000009f9  _register_unlock               
00000a39  _system_post_cinit             
00000a35  _system_pre_init               
20000010  _unlock                        
00000945  abort                          
ffffffff  binit                          
00000995  copy_in                        
000004f7  delay_ms                       
0000058b  delay_ns                       
0000094d  exit                           
000006b5  get_ADC                        
0000069f  hasNew_ADC                     
00000641  init_ADC                       
00000000  interruptVectors               
000005c1  main                           
20000014  main_func_sp                   
000006fd  memcpy                         
000007a1  memset                         
000006bb  run_ADC                        
00000415  set_DCO                        


GLOBAL SYMBOLS: SORTED BY Symbol Address 

address   name                           
-------   ----                           
00000000  __TI_static_base__             
00000000  interruptVectors               
000000e5  SystemCoreClockUpdate          
00000200  __STACK_SIZE                   
00000359  SystemInit                     
00000415  set_DCO                        
000004f7  delay_ms                       
0000058b  delay_ns                       
000005c1  main                           
00000641  init_ADC                       
0000068f  ADC14_IRQHandler               
0000068f  ADC14_IRQHandler               
0000069f  hasNew_ADC                     
000006b5  get_ADC                        
000006bb  run_ADC                        
000006fd  __aeabi_memcpy                 
000006fd  __aeabi_memcpy4                
000006fd  __aeabi_memcpy8                
000006fd  memcpy                         
00000799  __aeabi_memclr                 
00000799  __aeabi_memclr4                
00000799  __aeabi_memclr8                
0000079b  __aeabi_memset                 
0000079b  __aeabi_memset4                
0000079b  __aeabi_memset8                
000007a1  memset                         
00000813  __mpu_init                     
00000815  __TI_auto_init                 
00000885  __TI_decompress_lzss           
000008ed  _c_int00                       
00000941  C$$EXIT                        
00000945  abort                          
0000094d  exit                           
00000995  copy_in                        
000009e1  _args_main                     
000009f9  _register_unlock               
000009ff  _register_lock                 
00000a07  _nop                           
00000a0d  __TI_decompress_none           
00000a1b  Reset_Handler                  
00000a27  AES256_IRQHandler              
00000a27  BusFault_Handler               
00000a27  COMP_E0_IRQHandler             
00000a27  COMP_E1_IRQHandler             
00000a27  CS_IRQHandler                  
00000a27  DMA_ERR_IRQHandler             
00000a27  DMA_INT0_IRQHandler            
00000a27  DMA_INT1_IRQHandler            
00000a27  DMA_INT2_IRQHandler            
00000a27  DMA_INT3_IRQHandler            
00000a27  DebugMon_Handler               
00000a27  Default_Handler                
00000a27  EUSCIA0_IRQHandler             
00000a27  EUSCIA1_IRQHandler             
00000a27  EUSCIA2_IRQHandler             
00000a27  EUSCIA3_IRQHandler             
00000a27  EUSCIB0_IRQHandler             
00000a27  EUSCIB1_IRQHandler             
00000a27  EUSCIB2_IRQHandler             
00000a27  EUSCIB3_IRQHandler             
00000a27  FLCTL_IRQHandler               
00000a27  FPU_IRQHandler                 
00000a27  HardFault_Handler              
00000a27  MemManage_Handler              
00000a27  NMI_Handler                    
00000a27  PCM_IRQHandler                 
00000a27  PORT1_IRQHandler               
00000a27  PORT2_IRQHandler               
00000a27  PORT3_IRQHandler               
00000a27  PORT4_IRQHandler               
00000a27  PORT5_IRQHandler               
00000a27  PORT6_IRQHandler               
00000a27  PSS_IRQHandler                 
00000a27  PendSV_Handler                 
00000a27  RTC_C_IRQHandler               
00000a27  SVC_Handler                    
00000a27  SysTick_Handler                
00000a27  T32_INT1_IRQHandler            
00000a27  T32_INT2_IRQHandler            
00000a27  T32_INTC_IRQHandler            
00000a27  TA0_0_IRQHandler               
00000a27  TA0_N_IRQHandler               
00000a27  TA1_0_IRQHandler               
00000a27  TA1_N_IRQHandler               
00000a27  TA2_0_IRQHandler               
00000a27  TA2_N_IRQHandler               
00000a27  TA3_0_IRQHandler               
00000a27  TA3_N_IRQHandler               
00000a27  UsageFault_Handler             
00000a27  WDT_A_IRQHandler               
00000a29  __TI_zero_init                 
00000a35  _system_pre_init               
00000a39  _system_post_cinit             
00000a58  __TI_Handler_Table_Base        
00000a64  __TI_Handler_Table_Limit       
00000a70  __TI_CINIT_Base                
00000a80  __TI_CINIT_Limit               
20000000  __TI_cleanup_ptr               
20000004  __TI_dtors_ptr                 
20000008  __TI_enable_exit_profile_output
2000000c  _lock                          
20000010  _unlock                        
20000014  main_func_sp                   
20000018  SystemCoreClock                
2000fe00  __stack                        
20010000  __STACK_END                    
4000480c  WDTCTL_SYM                     
ffffffff  __TI_pprof_out_hndl            
ffffffff  __TI_prof_data_size            
ffffffff  __TI_prof_data_start           
ffffffff  __binit__                      
ffffffff  __c_args__                     
ffffffff  binit                          
UNDEFED   SHT$$INIT_ARRAY$$Base          
UNDEFED   SHT$$INIT_ARRAY$$Limit         

[115 symbols]
