******************************************************************************
                  TI ARM Linker PC v16.9.1                     
******************************************************************************
>> Linked Mon May 08 16:48:02 2017

OUTPUT FILE NAME:   <DAC_Control.out>
ENTRY POINT SYMBOL: "_c_int00"  address: 00000879


MEMORY CONFIGURATION

         name            origin    length      used     unused   attr    fill
----------------------  --------  ---------  --------  --------  ----  --------
  MAIN                  00000000   00040000  000009e4  0003f61c  R  X
  INFO                  00200000   00004000  00000000  00004000  R  X
  SRAM_CODE             01000000   00010000  00000224  0000fddc  RW X
  SRAM_DATA             20000000   00010000  00000224  0000fddc  RW  


SEGMENT ALLOCATION MAP

run origin  load origin   length   init length attrs members
----------  ----------- ---------- ----------- ----- -------
00000000    00000000    000009e8   000009e8    r-x
  00000000    00000000    000000e4   000000e4    r-- .intvecs
  000000e4    000000e4    000008d8   000008d8    r-x .text
  000009c0    000009c0    00000028   00000028    r-- .cinit
20000000    20000000    00000024   00000000    rw-
  20000000    20000000    00000024   00000000    rw- .data
2000fe00    2000fe00    00000200   00000000    rw-
  2000fe00    2000fe00    00000200   00000000    rw- .stack


SECTION ALLOCATION MAP

 output                                  attributes/
section   page    origin      length       input sections
--------  ----  ----------  ----------   ----------------
.intvecs   0    00000000    000000e4     
                  00000000    000000e4     startup_msp432p401r_ccs.obj (.intvecs:retain)

.binit     0    00000000    00000000     

.text      0    000000e4    000008d8     
                  000000e4    0000032c     system_msp432p401r.obj (.text)
                  00000410    000002f4     main.obj (.text)
                  00000704    0000009c     rtsv7M4_T_le_v4SPD16_eabi.lib : memcpy_t2.obj (.text)
                  000007a0    00000070                                   : autoinit.obj (.text)
                  00000810    00000068                                   : copy_decompress_lzss.obj (.text:decompress:lzss)
                  00000878    00000054                                   : boot.obj (.text)
                  000008cc    00000054                                   : exit.obj (.text)
                  00000920    0000004c                                   : cpy_tbl.obj (.text)
                  0000096c    00000018                                   : args_main.obj (.text)
                  00000984    00000014                                   : _lock.obj (.text)
                  00000998    0000000e                                   : copy_decompress_none.obj (.text:decompress:none)
                  000009a6    0000000e     startup_msp432p401r_ccs.obj (.text)
                  000009b4    00000004     rtsv7M4_T_le_v4SPD16_eabi.lib : pre_init.obj (.text)
                  000009b8    00000002                                   : mpu_init.obj (.text)
                  000009ba    00000002                                   : startup.obj (.text)

.cinit     0    000009c0    00000028     
                  000009c0    00000017     (.cinit..data.load) [load image, compression = lzss]
                  000009d7    00000001     --HOLE-- [fill = 0]
                  000009d8    00000008     (__TI_handler_table)
                  000009e0    00000008     (__TI_cinit_table)

.init_array 
*          0    00000000    00000000     UNINITIALIZED

.data      0    20000000    00000024     UNINITIALIZED
                  20000000    0000000c     rtsv7M4_T_le_v4SPD16_eabi.lib : exit.obj (.data:$O1$$)
                  2000000c    00000008                                   : _lock.obj (.data:$O1$$)
                  20000014    00000008     main.obj (.data)
                  2000001c    00000004     rtsv7M4_T_le_v4SPD16_eabi.lib : stkdepth_vars.obj (.data)
                  20000020    00000004     system_msp432p401r.obj (.data)

.stack     0    2000fe00    00000200     UNINITIALIZED
                  2000fe00    00000200     --HOLE--

MODULE SUMMARY

       Module                        code   ro data   rw data
       ------                        ----   -------   -------
    .\
       system_msp432p401r.obj        812    0         8      
       main.obj                      756    0         16     
       startup_msp432p401r_ccs.obj   14     228       0      
    +--+-----------------------------+------+---------+---------+
       Total:                        1582   228       24     
                                                             
    C:\ti\ccsv7\tools\compiler\ti-cgt-arm_16.9.1.LTS\lib\rtsv7M4_T_le_v4SPD16_eabi.lib
       memcpy_t2.obj                 156    0         0      
       autoinit.obj                  112    0         0      
       exit.obj                      84     0         24     
       copy_decompress_lzss.obj      104    0         0      
       boot.obj                      84     0         0      
       cpy_tbl.obj                   76     0         0      
       _lock.obj                     20     0         16     
       args_main.obj                 24     0         0      
       copy_decompress_none.obj      14     0         0      
       stkdepth_vars.obj             0      0         8      
       pre_init.obj                  4      0         0      
       mpu_init.obj                  2      0         0      
       startup.obj                   2      0         0      
    +--+-----------------------------+------+---------+---------+
       Total:                        682    0         48     
                                                             
       Stack:                        0      0         1024   
       Linker Generated:             0      39        0      
    +--+-----------------------------+------+---------+---------+
       Grand Total:                  2264   267       1096   


LINKER GENERATED COPY TABLES

__TI_cinit_table @ 000009e0 records: 1, size/record: 8, table size: 8
	.data: load addr=000009c0, load size=00000017 bytes, run addr=20000000, run size=00000024 bytes, compression=lzss


LINKER GENERATED HANDLER TABLE

__TI_handler_table @ 000009d8 records: 2, size/record: 4, table size: 8
	index: 0, handler: __TI_decompress_lzss
	index: 1, handler: __TI_decompress_none


GLOBAL SYMBOLS: SORTED ALPHABETICALLY BY Name 

address   name                           
-------   ----                           
000009b3  ADC14_IRQHandler               
000009b3  AES256_IRQHandler              
000009b3  BusFault_Handler               
000008cd  C$$EXIT                        
000009b3  COMP_E0_IRQHandler             
000009b3  COMP_E1_IRQHandler             
000009b3  CS_IRQHandler                  
000009b3  DMA_ERR_IRQHandler             
000009b3  DMA_INT0_IRQHandler            
000009b3  DMA_INT1_IRQHandler            
000009b3  DMA_INT2_IRQHandler            
000009b3  DMA_INT3_IRQHandler            
000009b3  DebugMon_Handler               
000009b3  Default_Handler                
000009b3  EUSCIA0_IRQHandler             
000009b3  EUSCIA1_IRQHandler             
000009b3  EUSCIA2_IRQHandler             
000009b3  EUSCIA3_IRQHandler             
000009b3  EUSCIB0_IRQHandler             
000009b3  EUSCIB1_IRQHandler             
000009b3  EUSCIB2_IRQHandler             
000009b3  EUSCIB3_IRQHandler             
000009b3  FLCTL_IRQHandler               
000009b3  FPU_IRQHandler                 
000009b3  HardFault_Handler              
000009b3  MemManage_Handler              
000009b3  NMI_Handler                    
000009b3  PCM_IRQHandler                 
000009b3  PORT1_IRQHandler               
000009b3  PORT2_IRQHandler               
000009b3  PORT3_IRQHandler               
000009b3  PORT4_IRQHandler               
000009b3  PORT5_IRQHandler               
000009b3  PORT6_IRQHandler               
000009b3  PSS_IRQHandler                 
000009b3  PendSV_Handler                 
000009b3  RTC_C_IRQHandler               
000009a7  Reset_Handler                  
UNDEFED   SHT$$INIT_ARRAY$$Base          
UNDEFED   SHT$$INIT_ARRAY$$Limit         
000009b3  SVC_Handler                    
000009b3  SysTick_Handler                
20000020  SystemCoreClock                
000000e5  SystemCoreClockUpdate          
00000359  SystemInit                     
000009b3  T32_INT1_IRQHandler            
000009b3  T32_INT2_IRQHandler            
000009b3  T32_INTC_IRQHandler            
00000677  TA0_0_IRQHandler               
00000677  TA0_0_IRQHandler               
000009b3  TA0_N_IRQHandler               
000009b3  TA1_0_IRQHandler               
000009b3  TA1_N_IRQHandler               
000009b3  TA2_0_IRQHandler               
000009b3  TA2_N_IRQHandler               
000009b3  TA3_0_IRQHandler               
000009b3  TA3_N_IRQHandler               
000009b3  UsageFault_Handler             
4000480c  WDTCTL_SYM                     
000009b3  WDT_A_IRQHandler               
20010000  __STACK_END                    
00000200  __STACK_SIZE                   
000009e0  __TI_CINIT_Base                
000009e8  __TI_CINIT_Limit               
000009d8  __TI_Handler_Table_Base        
000009e0  __TI_Handler_Table_Limit       
000007a1  __TI_auto_init                 
20000000  __TI_cleanup_ptr               
00000811  __TI_decompress_lzss           
00000999  __TI_decompress_none           
20000004  __TI_dtors_ptr                 
20000008  __TI_enable_exit_profile_output
ffffffff  __TI_pprof_out_hndl            
ffffffff  __TI_prof_data_size            
ffffffff  __TI_prof_data_start           
00000000  __TI_static_base__             
00000705  __aeabi_memcpy                 
00000705  __aeabi_memcpy4                
00000705  __aeabi_memcpy8                
ffffffff  __binit__                      
ffffffff  __c_args__                     
000009b9  __mpu_init                     
2000fe00  __stack                        
0000096d  _args_main                     
00000879  _c_int00                       
2000000c  _lock                          
00000993  _nop                           
0000098b  _register_lock                 
00000985  _register_unlock               
000009bb  _system_post_cinit             
000009b5  _system_pre_init               
20000010  _unlock                        
000008d1  abort                          
ffffffff  binit                          
0000065f  configure_Timer                
00000921  copy_in                        
00000491  delay_ms                       
00000525  delay_ns                       
000008d9  exit                           
0000055b  init_SPI                       
00000000  interruptVectors               
000005c1  main                           
2000001c  main_func_sp                   
00000705  memcpy                         
00000623  send_DAC                       
000005a7  send_SPI                       
00000419  set_DCO                        


GLOBAL SYMBOLS: SORTED BY Symbol Address 

address   name                           
-------   ----                           
00000000  __TI_static_base__             
00000000  interruptVectors               
000000e5  SystemCoreClockUpdate          
00000200  __STACK_SIZE                   
00000359  SystemInit                     
00000419  set_DCO                        
00000491  delay_ms                       
00000525  delay_ns                       
0000055b  init_SPI                       
000005a7  send_SPI                       
000005c1  main                           
00000623  send_DAC                       
0000065f  configure_Timer                
00000677  TA0_0_IRQHandler               
00000677  TA0_0_IRQHandler               
00000705  __aeabi_memcpy                 
00000705  __aeabi_memcpy4                
00000705  __aeabi_memcpy8                
00000705  memcpy                         
000007a1  __TI_auto_init                 
00000811  __TI_decompress_lzss           
00000879  _c_int00                       
000008cd  C$$EXIT                        
000008d1  abort                          
000008d9  exit                           
00000921  copy_in                        
0000096d  _args_main                     
00000985  _register_unlock               
0000098b  _register_lock                 
00000993  _nop                           
00000999  __TI_decompress_none           
000009a7  Reset_Handler                  
000009b3  ADC14_IRQHandler               
000009b3  AES256_IRQHandler              
000009b3  BusFault_Handler               
000009b3  COMP_E0_IRQHandler             
000009b3  COMP_E1_IRQHandler             
000009b3  CS_IRQHandler                  
000009b3  DMA_ERR_IRQHandler             
000009b3  DMA_INT0_IRQHandler            
000009b3  DMA_INT1_IRQHandler            
000009b3  DMA_INT2_IRQHandler            
000009b3  DMA_INT3_IRQHandler            
000009b3  DebugMon_Handler               
000009b3  Default_Handler                
000009b3  EUSCIA0_IRQHandler             
000009b3  EUSCIA1_IRQHandler             
000009b3  EUSCIA2_IRQHandler             
000009b3  EUSCIA3_IRQHandler             
000009b3  EUSCIB0_IRQHandler             
000009b3  EUSCIB1_IRQHandler             
000009b3  EUSCIB2_IRQHandler             
000009b3  EUSCIB3_IRQHandler             
000009b3  FLCTL_IRQHandler               
000009b3  FPU_IRQHandler                 
000009b3  HardFault_Handler              
000009b3  MemManage_Handler              
000009b3  NMI_Handler                    
000009b3  PCM_IRQHandler                 
000009b3  PORT1_IRQHandler               
000009b3  PORT2_IRQHandler               
000009b3  PORT3_IRQHandler               
000009b3  PORT4_IRQHandler               
000009b3  PORT5_IRQHandler               
000009b3  PORT6_IRQHandler               
000009b3  PSS_IRQHandler                 
000009b3  PendSV_Handler                 
000009b3  RTC_C_IRQHandler               
000009b3  SVC_Handler                    
000009b3  SysTick_Handler                
000009b3  T32_INT1_IRQHandler            
000009b3  T32_INT2_IRQHandler            
000009b3  T32_INTC_IRQHandler            
000009b3  TA0_N_IRQHandler               
000009b3  TA1_0_IRQHandler               
000009b3  TA1_N_IRQHandler               
000009b3  TA2_0_IRQHandler               
000009b3  TA2_N_IRQHandler               
000009b3  TA3_0_IRQHandler               
000009b3  TA3_N_IRQHandler               
000009b3  UsageFault_Handler             
000009b3  WDT_A_IRQHandler               
000009b5  _system_pre_init               
000009b9  __mpu_init                     
000009bb  _system_post_cinit             
000009d8  __TI_Handler_Table_Base        
000009e0  __TI_CINIT_Base                
000009e0  __TI_Handler_Table_Limit       
000009e8  __TI_CINIT_Limit               
20000000  __TI_cleanup_ptr               
20000004  __TI_dtors_ptr                 
20000008  __TI_enable_exit_profile_output
2000000c  _lock                          
20000010  _unlock                        
2000001c  main_func_sp                   
20000020  SystemCoreClock                
2000fe00  __stack                        
20010000  __STACK_END                    
4000480c  WDTCTL_SYM                     
ffffffff  __TI_pprof_out_hndl            
ffffffff  __TI_prof_data_size            
ffffffff  __TI_prof_data_start           
ffffffff  __binit__                      
ffffffff  __c_args__                     
ffffffff  binit                          
UNDEFED   SHT$$INIT_ARRAY$$Base          
UNDEFED   SHT$$INIT_ARRAY$$Limit         

[107 symbols]
