******************************************************************************
                  TI ARM Linker PC v16.9.1                     
******************************************************************************
>> Linked Mon May 08 16:48:24 2017

OUTPUT FILE NAME:   <Project_Two.out>
ENTRY POINT SYMBOL: "_c_int00"  address: 00002af9


MEMORY CONFIGURATION

         name            origin    length      used     unused   attr    fill
----------------------  --------  ---------  --------  --------  ----  --------
  MAIN                  00000000   00040000  0000301d  0003cfe3  R  X
  INFO                  00200000   00004000  00000000  00004000  R  X
  SRAM_CODE             01000000   00010000  00000260  0000fda0  RW X
  SRAM_DATA             20000000   00010000  00000260  0000fda0  RW  


SEGMENT ALLOCATION MAP

run origin  load origin   length   init length attrs members
----------  ----------- ---------- ----------- ----- -------
00000000    00000000    00003020   00003020    r-x
  00000000    00000000    000000e4   000000e4    r-- .intvecs
  000000e4    000000e4    00002cc8   00002cc8    r-x .text
  00002dac    00002dac    00000231   00000231    r-- .const
  00002fe0    00002fe0    00000040   00000040    r-- .cinit
20000000    20000000    00000060   00000000    rw-
  20000000    20000000    00000060   00000000    rw- .data
2000fe00    2000fe00    00000200   00000000    rw-
  2000fe00    2000fe00    00000200   00000000    rw- .stack


SECTION ALLOCATION MAP

 output                                  attributes/
section   page    origin      length       input sections
--------  ----  ----------  ----------   ----------------
.intvecs   0    00000000    000000e4     
                  00000000    000000e4     startup_msp432p401r_ccs.obj (.intvecs:retain)

.binit     0    00000000    00000000     

.text      0    000000e4    00002cc8     
                  000000e4    0000113e     rtsv7M4_T_le_v4SPD16_eabi.lib : _printfi.obj (.text)
                  00001222    00000002                                   : mpu_init.obj (.text)
                  00001224    00000b10     main.obj (.text)
                  00001d34    0000032c     system_msp432p401r.obj (.text)
                  00002060    000001f4     rtsv7M4_T_le_v4SPD16_eabi.lib : ull_div_t2.obj (.text)
                  00002254    000001b6                                   : fd_add_t2.obj (.text)
                  0000240a    00000136                                   : fd_div_t2.obj (.text)
                  00002540    000000fc                                   : fd_mul_t2.obj (.text)
                  0000263c    000000fc                                   : s_scalbn.obj (.text)
                  00002738    0000009c                                   : memcpy_t2.obj (.text)
                  000027d4    00000086                                   : fd_cmp_t2.obj (.text:__aeabi_cdcmple)
                  0000285a    00000086                                   : fd_cmp_t2.obj (.text:__aeabi_cdrcmple)
                  000028e0    0000007a                                   : memset_t2.obj (.text)
                  0000295a    00000002                                   : startup.obj (.text)
                  0000295c    00000070                                   : autoinit.obj (.text)
                  000029cc    00000068                                   : copy_decompress_lzss.obj (.text:decompress:lzss)
                  00002a34    00000064                                   : s_frexp.obj (.text)
                  00002a98    00000060                                   : sprintf.obj (.text)
                  00002af8    00000054                                   : boot.obj (.text)
                  00002b4c    00000054                                   : exit.obj (.text)
                  00002ba0    00000054                                   : ltoa.obj (.text)
                  00002bf4    0000004c                                   : atoi.obj (.text)
                  00002c40    0000004c                                   : cpy_tbl.obj (.text)
                  00002c8c    00000048                                   : fd_toi_t2.obj (.text)
                  00002cd4    0000002e                                   : i_tofd_t2.obj (.text)
                  00002d02    0000001c                                   : memccpy.obj (.text)
                  00002d1e    00000002     --HOLE-- [fill = 0]
                  00002d20    00000018                                   : args_main.obj (.text)
                  00002d38    00000016                                   : strchr.obj (.text)
                  00002d4e    00000002     --HOLE-- [fill = 0]
                  00002d50    00000014                                   : _lock.obj (.text)
                  00002d64    00000014                                   : s_copysign.obj (.text)
                  00002d78    00000014                                   : strlen.obj (.text)
                  00002d8c    0000000e                                   : copy_decompress_none.obj (.text:decompress:none)
                  00002d9a    0000000e     startup_msp432p401r_ccs.obj (.text)
                  00002da8    00000004     rtsv7M4_T_le_v4SPD16_eabi.lib : pre_init.obj (.text)

.const     0    00002dac    00000231     
                  00002dac    00000130     main.obj (.const:sinOffset)
                  00002edc    00000101     rtsv7M4_T_le_v4SPD16_eabi.lib : ctype.obj (.const:.string:_ctypes_)

.cinit     0    00002fe0    00000040     
                  00002fe0    0000002e     (.cinit..data.load) [load image, compression = lzss]
                  0000300e    00000002     --HOLE-- [fill = 0]
                  00003010    00000008     (__TI_handler_table)
                  00003018    00000008     (__TI_cinit_table)

.init_array 
*          0    00000000    00000000     UNINITIALIZED

.data      0    20000000    00000060     UNINITIALIZED
                  20000000    00000024     main.obj (.data)
                  20000024    00000010     main.obj (.data:ISRData)
                  20000034    0000000c     rtsv7M4_T_le_v4SPD16_eabi.lib : exit.obj (.data:$O1$$)
                  20000040    0000000c     main.obj (.data:currentWave)
                  2000004c    00000008     rtsv7M4_T_le_v4SPD16_eabi.lib : _lock.obj (.data:$O1$$)
                  20000054    00000004                                   : errno.obj (.data)
                  20000058    00000004                                   : stkdepth_vars.obj (.data)
                  2000005c    00000004     system_msp432p401r.obj (.data)

.stack     0    2000fe00    00000200     UNINITIALIZED
                  2000fe00    00000200     --HOLE--

MODULE SUMMARY

       Module                        code    ro data   rw data
       ------                        ----    -------   -------
    .\
       main.obj                      2832    304       128    
       system_msp432p401r.obj        812     0         8      
       startup_msp432p401r_ccs.obj   14      228       0      
    +--+-----------------------------+-------+---------+---------+
       Total:                        3658    532       136    
                                                              
    C:\ti\ccsv7\tools\compiler\ti-cgt-arm_16.9.1.LTS\lib\rtsv7M4_T_le_v4SPD16_eabi.lib
       _printfi.obj                  4414    0         0      
       ull_div_t2.obj                500     0         0      
       fd_add_t2.obj                 438     0         0      
       fd_div_t2.obj                 310     0         0      
       fd_cmp_t2.obj                 268     0         0      
       ctype.obj                     0       257       0      
       fd_mul_t2.obj                 252     0         0      
       s_scalbn.obj                  252     0         0      
       memcpy_t2.obj                 156     0         0      
       memset_t2.obj                 122     0         0      
       autoinit.obj                  112     0         0      
       exit.obj                      84      0         24     
       copy_decompress_lzss.obj      104     0         0      
       s_frexp.obj                   100     0         0      
       sprintf.obj                   96      0         0      
       boot.obj                      84      0         0      
       ltoa.obj                      84      0         0      
       atoi.obj                      76      0         0      
       cpy_tbl.obj                   76      0         0      
       fd_toi_t2.obj                 72      0         0      
       i_tofd_t2.obj                 46      0         0      
       _lock.obj                     20      0         16     
       memccpy.obj                   28      0         0      
       args_main.obj                 24      0         0      
       strchr.obj                    22      0         0      
       s_copysign.obj                20      0         0      
       strlen.obj                    20      0         0      
       copy_decompress_none.obj      14      0         0      
       errno.obj                     0       0         8      
       stkdepth_vars.obj             0       0         8      
       pre_init.obj                  4       0         0      
       mpu_init.obj                  2       0         0      
       startup.obj                   2       0         0      
    +--+-----------------------------+-------+---------+---------+
       Total:                        7802    257       56     
                                                              
       Stack:                        0       0         1024   
       Linker Generated:             0       62        0      
    +--+-----------------------------+-------+---------+---------+
       Grand Total:                  11460   851       1216   


LINKER GENERATED COPY TABLES

__TI_cinit_table @ 00003018 records: 1, size/record: 8, table size: 8
	.data: load addr=00002fe0, load size=0000002e bytes, run addr=20000000, run size=00000060 bytes, compression=lzss


LINKER GENERATED HANDLER TABLE

__TI_handler_table @ 00003010 records: 2, size/record: 4, table size: 8
	index: 0, handler: __TI_decompress_lzss
	index: 1, handler: __TI_decompress_none


GLOBAL SYMBOLS: SORTED ALPHABETICALLY BY Name 

address   name                           
-------   ----                           
00002da7  ADC14_IRQHandler               
00002da7  AES256_IRQHandler              
00002da7  BusFault_Handler               
00002b4d  C$$EXIT                        
00002da7  COMP_E0_IRQHandler             
00002da7  COMP_E1_IRQHandler             
00002da7  CS_IRQHandler                  
00002da7  DMA_ERR_IRQHandler             
00002da7  DMA_INT0_IRQHandler            
00002da7  DMA_INT1_IRQHandler            
00002da7  DMA_INT2_IRQHandler            
00002da7  DMA_INT3_IRQHandler            
00002da7  DebugMon_Handler               
00002da7  Default_Handler                
00002da7  EUSCIA0_IRQHandler             
00002da7  EUSCIA1_IRQHandler             
00002da7  EUSCIA2_IRQHandler             
00002da7  EUSCIA3_IRQHandler             
00002da7  EUSCIB0_IRQHandler             
00002da7  EUSCIB1_IRQHandler             
00002da7  EUSCIB2_IRQHandler             
00002da7  EUSCIB3_IRQHandler             
00002da7  FLCTL_IRQHandler               
00002da7  FPU_IRQHandler                 
00002da7  HardFault_Handler              
20000024  ISRData                        
00002da7  MemManage_Handler              
00002da7  NMI_Handler                    
00002da7  PCM_IRQHandler                 
00002da7  PORT1_IRQHandler               
00002da7  PORT2_IRQHandler               
00002da7  PORT3_IRQHandler               
00001c8f  PORT4_IRQHandler               
00001c8f  PORT4_IRQHandler               
00002da7  PORT5_IRQHandler               
00002da7  PORT6_IRQHandler               
00002da7  PSS_IRQHandler                 
00002da7  PendSV_Handler                 
00002da7  RTC_C_IRQHandler               
00002d9b  Reset_Handler                  
UNDEFED   SHT$$INIT_ARRAY$$Base          
UNDEFED   SHT$$INIT_ARRAY$$Limit         
00002da7  SVC_Handler                    
00002da7  SysTick_Handler                
2000005c  SystemCoreClock                
00001d35  SystemCoreClockUpdate          
00001fa9  SystemInit                     
00002da7  T32_INT1_IRQHandler            
00002da7  T32_INT2_IRQHandler            
00002da7  T32_INTC_IRQHandler            
00001b55  TA0_0_IRQHandler               
00001b55  TA0_0_IRQHandler               
00002da7  TA0_N_IRQHandler               
00001bad  TA1_0_IRQHandler               
00001bad  TA1_0_IRQHandler               
00002da7  TA1_N_IRQHandler               
00001c05  TA2_0_IRQHandler               
00001c05  TA2_0_IRQHandler               
00002da7  TA2_N_IRQHandler               
00002da7  TA3_0_IRQHandler               
00002da7  TA3_N_IRQHandler               
00002da7  UsageFault_Handler             
4000480c  WDTCTL_SYM                     
00002da7  WDT_A_IRQHandler               
20010000  __STACK_END                    
00000200  __STACK_SIZE                   
00003018  __TI_CINIT_Base                
00003020  __TI_CINIT_Limit               
00003010  __TI_Handler_Table_Base        
00003018  __TI_Handler_Table_Limit       
0000295d  __TI_auto_init                 
20000034  __TI_cleanup_ptr               
000029cd  __TI_decompress_lzss           
00002d8d  __TI_decompress_none           
20000038  __TI_dtors_ptr                 
2000003c  __TI_enable_exit_profile_output
ffffffff  __TI_pprof_out_hndl            
00000929  __TI_printfi                   
ffffffff  __TI_prof_data_size            
ffffffff  __TI_prof_data_start           
00000000  __TI_static_base__             
000027d5  __aeabi_cdcmpeq                
000027d5  __aeabi_cdcmple                
0000285b  __aeabi_cdrcmple               
00002c8d  __aeabi_d2iz                   
0000225f  __aeabi_dadd                   
0000240b  __aeabi_ddiv                   
00002541  __aeabi_dmul                   
00002255  __aeabi_dsub                   
00002cd5  __aeabi_i2d                    
000028e1  __aeabi_memclr                 
000028e1  __aeabi_memclr4                
000028e1  __aeabi_memclr8                
00002739  __aeabi_memcpy                 
00002739  __aeabi_memcpy4                
00002739  __aeabi_memcpy8                
000028e3  __aeabi_memset                 
000028e3  __aeabi_memset4                
000028e3  __aeabi_memset8                
00002061  __aeabi_uldivmod               
ffffffff  __binit__                      
ffffffff  __c_args__                     
00001223  __mpu_init                     
2000fe00  __stack                        
00002d21  _args_main                     
00002af9  _c_int00                       
00002edc  _ctypes_                       
2000004c  _lock                          
00002d5f  _nop                           
00002d57  _register_lock                 
00002d51  _register_unlock               
0000295b  _system_post_cinit             
00002da9  _system_pre_init               
20000050  _unlock                        
00002b51  abort                          
00002bf5  atoi                           
ffffffff  binit                          
000014db  clear_LCD                      
00001b2d  configure_Timer_Saw            
00001b3d  configure_Timer_Sin            
00001b1b  configure_Timer_Square         
00002c41  copy_in                        
00002d65  copysign                       
00002d65  copysignl                      
20000000  currentState                   
20000040  currentWave                    
0000130b  delay_ms                       
0000139f  delay_ns                       
20000054  errno                          
00002b59  exit                           
00002a35  frexp                          
00002a35  frexpl                         
00001629  get_Keycode                    
000015b5  get_Keypad                     
000014e5  home_LCD                       
000016d7  id_Keypad                      
000016c1  ie_Keypad                      
0000175b  init_DAC                       
00001559  init_Keypad                    
00001487  init_LCD                       
000016e9  init_SPI                       
00000000  interruptVectors               
0000263d  ldexp                          
0000263d  ldexpl                         
00002ba1  ltoa                           
000018a1  main                           
20000058  main_func_sp                   
00002d03  memccpy                        
00002739  memcpy                         
000028e9  memset                         
00001435  print_Char_LCD                 
00001455  print_String_LCD               
000017cd  print_Wave_Data                
0000263d  scalbn                         
0000263d  scalbnl                        
00001415  send_Command_LCD               
00001791  send_DAC                       
000013d5  send_Nibble_LCD                
00001741  send_SPI                       
000014ef  set_Cursor_LCD                 
00001229  set_DCO                        
00001a5d  set_ISR_Configuration          
00002dac  sinOffset                      
00002a99  sprintf                        
00002d39  strchr                         
00002d79  strlen                         


GLOBAL SYMBOLS: SORTED BY Symbol Address 

address   name                           
-------   ----                           
00000000  __TI_static_base__             
00000000  interruptVectors               
00000200  __STACK_SIZE                   
00000929  __TI_printfi                   
00001223  __mpu_init                     
00001229  set_DCO                        
0000130b  delay_ms                       
0000139f  delay_ns                       
000013d5  send_Nibble_LCD                
00001415  send_Command_LCD               
00001435  print_Char_LCD                 
00001455  print_String_LCD               
00001487  init_LCD                       
000014db  clear_LCD                      
000014e5  home_LCD                       
000014ef  set_Cursor_LCD                 
00001559  init_Keypad                    
000015b5  get_Keypad                     
00001629  get_Keycode                    
000016c1  ie_Keypad                      
000016d7  id_Keypad                      
000016e9  init_SPI                       
00001741  send_SPI                       
0000175b  init_DAC                       
00001791  send_DAC                       
000017cd  print_Wave_Data                
000018a1  main                           
00001a5d  set_ISR_Configuration          
00001b1b  configure_Timer_Square         
00001b2d  configure_Timer_Saw            
00001b3d  configure_Timer_Sin            
00001b55  TA0_0_IRQHandler               
00001b55  TA0_0_IRQHandler               
00001bad  TA1_0_IRQHandler               
00001bad  TA1_0_IRQHandler               
00001c05  TA2_0_IRQHandler               
00001c05  TA2_0_IRQHandler               
00001c8f  PORT4_IRQHandler               
00001c8f  PORT4_IRQHandler               
00001d35  SystemCoreClockUpdate          
00001fa9  SystemInit                     
00002061  __aeabi_uldivmod               
00002255  __aeabi_dsub                   
0000225f  __aeabi_dadd                   
0000240b  __aeabi_ddiv                   
00002541  __aeabi_dmul                   
0000263d  ldexp                          
0000263d  ldexpl                         
0000263d  scalbn                         
0000263d  scalbnl                        
00002739  __aeabi_memcpy                 
00002739  __aeabi_memcpy4                
00002739  __aeabi_memcpy8                
00002739  memcpy                         
000027d5  __aeabi_cdcmpeq                
000027d5  __aeabi_cdcmple                
0000285b  __aeabi_cdrcmple               
000028e1  __aeabi_memclr                 
000028e1  __aeabi_memclr4                
000028e1  __aeabi_memclr8                
000028e3  __aeabi_memset                 
000028e3  __aeabi_memset4                
000028e3  __aeabi_memset8                
000028e9  memset                         
0000295b  _system_post_cinit             
0000295d  __TI_auto_init                 
000029cd  __TI_decompress_lzss           
00002a35  frexp                          
00002a35  frexpl                         
00002a99  sprintf                        
00002af9  _c_int00                       
00002b4d  C$$EXIT                        
00002b51  abort                          
00002b59  exit                           
00002ba1  ltoa                           
00002bf5  atoi                           
00002c41  copy_in                        
00002c8d  __aeabi_d2iz                   
00002cd5  __aeabi_i2d                    
00002d03  memccpy                        
00002d21  _args_main                     
00002d39  strchr                         
00002d51  _register_unlock               
00002d57  _register_lock                 
00002d5f  _nop                           
00002d65  copysign                       
00002d65  copysignl                      
00002d79  strlen                         
00002d8d  __TI_decompress_none           
00002d9b  Reset_Handler                  
00002da7  ADC14_IRQHandler               
00002da7  AES256_IRQHandler              
00002da7  BusFault_Handler               
00002da7  COMP_E0_IRQHandler             
00002da7  COMP_E1_IRQHandler             
00002da7  CS_IRQHandler                  
00002da7  DMA_ERR_IRQHandler             
00002da7  DMA_INT0_IRQHandler            
00002da7  DMA_INT1_IRQHandler            
00002da7  DMA_INT2_IRQHandler            
00002da7  DMA_INT3_IRQHandler            
00002da7  DebugMon_Handler               
00002da7  Default_Handler                
00002da7  EUSCIA0_IRQHandler             
00002da7  EUSCIA1_IRQHandler             
00002da7  EUSCIA2_IRQHandler             
00002da7  EUSCIA3_IRQHandler             
00002da7  EUSCIB0_IRQHandler             
00002da7  EUSCIB1_IRQHandler             
00002da7  EUSCIB2_IRQHandler             
00002da7  EUSCIB3_IRQHandler             
00002da7  FLCTL_IRQHandler               
00002da7  FPU_IRQHandler                 
00002da7  HardFault_Handler              
00002da7  MemManage_Handler              
00002da7  NMI_Handler                    
00002da7  PCM_IRQHandler                 
00002da7  PORT1_IRQHandler               
00002da7  PORT2_IRQHandler               
00002da7  PORT3_IRQHandler               
00002da7  PORT5_IRQHandler               
00002da7  PORT6_IRQHandler               
00002da7  PSS_IRQHandler                 
00002da7  PendSV_Handler                 
00002da7  RTC_C_IRQHandler               
00002da7  SVC_Handler                    
00002da7  SysTick_Handler                
00002da7  T32_INT1_IRQHandler            
00002da7  T32_INT2_IRQHandler            
00002da7  T32_INTC_IRQHandler            
00002da7  TA0_N_IRQHandler               
00002da7  TA1_N_IRQHandler               
00002da7  TA2_N_IRQHandler               
00002da7  TA3_0_IRQHandler               
00002da7  TA3_N_IRQHandler               
00002da7  UsageFault_Handler             
00002da7  WDT_A_IRQHandler               
00002da9  _system_pre_init               
00002dac  sinOffset                      
00002edc  _ctypes_                       
00003010  __TI_Handler_Table_Base        
00003018  __TI_CINIT_Base                
00003018  __TI_Handler_Table_Limit       
00003020  __TI_CINIT_Limit               
20000000  currentState                   
20000024  ISRData                        
20000034  __TI_cleanup_ptr               
20000038  __TI_dtors_ptr                 
2000003c  __TI_enable_exit_profile_output
20000040  currentWave                    
2000004c  _lock                          
20000050  _unlock                        
20000054  errno                          
20000058  main_func_sp                   
2000005c  SystemCoreClock                
2000fe00  __stack                        
20010000  __STACK_END                    
4000480c  WDTCTL_SYM                     
ffffffff  __TI_pprof_out_hndl            
ffffffff  __TI_prof_data_size            
ffffffff  __TI_prof_data_start           
ffffffff  __binit__                      
ffffffff  __c_args__                     
ffffffff  binit                          
UNDEFED   SHT$$INIT_ARRAY$$Base          
UNDEFED   SHT$$INIT_ARRAY$$Limit         

[166 symbols]
